// Jest Snapshot v1, https://goo.gl/fbAQLP

exports[`TriviaCard should render like snapshot 1`] = `undefined`;
