// Jest Snapshot v1, https://goo.gl/fbAQLP

exports[`ScorePage should render like snapshot 1`] = `undefined`;
