// Jest Snapshot v1, https://goo.gl/fbAQLP

exports[`Home should render like snapshot 1`] = `undefined`;
