// Jest Snapshot v1, https://goo.gl/fbAQLP

exports[`NavBar should match snapshot 1`] = `
ShallowWrapper {
  Symbol(enzyme.__root__): [Circular],
  Symbol(enzyme.__unrendered__): <NavBar
    fetchCategory={[MockFunction]}
  />,
  Symbol(enzyme.__renderer__): Object {
    "batchedUpdates": [Function],
    "getNode": [Function],
    "render": [Function],
    "simulateError": [Function],
    "simulateEvent": [Function],
    "unmount": [Function],
  },
  Symbol(enzyme.__node__): Object {
    "instance": null,
    "key": undefined,
    "nodeType": "host",
    "props": Object {
      "children": Array [
        <NavLink
          activeClassName="active"
          aria-current="page"
          className="politics"
          name="politics"
          to="/politics"
        >
          <button
            id="24"
            name="politics"
            onClick={[MockFunction]}
          >
            Politics
          </button>
        </NavLink>,
        <NavLink
          activeClassName="active"
          aria-current="page"
          className="animals"
          name="animals"
          to="/animals"
        >
          <button
            id="27"
            name="animals"
            onClick={[MockFunction]}
          >
            Animals
          </button>
        </NavLink>,
        <NavLink
          activeClassName="active"
          aria-current="page"
          className="environment"
          name="environment"
          to="/environment"
        >
          <button
            id="17"
            name="animals"
            onClick={[MockFunction]}
          >
            Environment
          </button>
        </NavLink>,
      ],
    },
    "ref": null,
    "rendered": Array [
      Object {
        "instance": null,
        "key": undefined,
        "nodeType": "function",
        "props": Object {
          "activeClassName": "active",
          "aria-current": "page",
          "children": <button
            id="24"
            name="politics"
            onClick={[MockFunction]}
          >
            Politics
          </button>,
          "className": "politics",
          "name": "politics",
          "to": "/politics",
        },
        "ref": null,
        "rendered": Object {
          "instance": null,
          "key": undefined,
          "nodeType": "host",
          "props": Object {
            "children": "Politics",
            "id": "24",
            "name": "politics",
            "onClick": [MockFunction],
          },
          "ref": null,
          "rendered": "Politics",
          "type": "button",
        },
        "type": [Function],
      },
      Object {
        "instance": null,
        "key": undefined,
        "nodeType": "function",
        "props": Object {
          "activeClassName": "active",
          "aria-current": "page",
          "children": <button
            id="27"
            name="animals"
            onClick={[MockFunction]}
          >
            Animals
          </button>,
          "className": "animals",
          "name": "animals",
          "to": "/animals",
        },
        "ref": null,
        "rendered": Object {
          "instance": null,
          "key": undefined,
          "nodeType": "host",
          "props": Object {
            "children": "Animals",
            "id": "27",
            "name": "animals",
            "onClick": [MockFunction],
          },
          "ref": null,
          "rendered": "Animals",
          "type": "button",
        },
        "type": [Function],
      },
      Object {
        "instance": null,
        "key": undefined,
        "nodeType": "function",
        "props": Object {
          "activeClassName": "active",
          "aria-current": "page",
          "children": <button
            id="17"
            name="animals"
            onClick={[MockFunction]}
          >
            Environment
          </button>,
          "className": "environment",
          "name": "environment",
          "to": "/environment",
        },
        "ref": null,
        "rendered": Object {
          "instance": null,
          "key": undefined,
          "nodeType": "host",
          "props": Object {
            "children": "Environment",
            "id": "17",
            "name": "animals",
            "onClick": [MockFunction],
          },
          "ref": null,
          "rendered": "Environment",
          "type": "button",
        },
        "type": [Function],
      },
    ],
    "type": "div",
  },
  Symbol(enzyme.__nodes__): Array [
    Object {
      "instance": null,
      "key": undefined,
      "nodeType": "host",
      "props": Object {
        "children": Array [
          <NavLink
            activeClassName="active"
            aria-current="page"
            className="politics"
            name="politics"
            to="/politics"
          >
            <button
              id="24"
              name="politics"
              onClick={[MockFunction]}
            >
              Politics
            </button>
          </NavLink>,
          <NavLink
            activeClassName="active"
            aria-current="page"
            className="animals"
            name="animals"
            to="/animals"
          >
            <button
              id="27"
              name="animals"
              onClick={[MockFunction]}
            >
              Animals
            </button>
          </NavLink>,
          <NavLink
            activeClassName="active"
            aria-current="page"
            className="environment"
            name="environment"
            to="/environment"
          >
            <button
              id="17"
              name="animals"
              onClick={[MockFunction]}
            >
              Environment
            </button>
          </NavLink>,
        ],
      },
      "ref": null,
      "rendered": Array [
        Object {
          "instance": null,
          "key": undefined,
          "nodeType": "function",
          "props": Object {
            "activeClassName": "active",
            "aria-current": "page",
            "children": <button
              id="24"
              name="politics"
              onClick={[MockFunction]}
            >
              Politics
            </button>,
            "className": "politics",
            "name": "politics",
            "to": "/politics",
          },
          "ref": null,
          "rendered": Object {
            "instance": null,
            "key": undefined,
            "nodeType": "host",
            "props": Object {
              "children": "Politics",
              "id": "24",
              "name": "politics",
              "onClick": [MockFunction],
            },
            "ref": null,
            "rendered": "Politics",
            "type": "button",
          },
          "type": [Function],
        },
        Object {
          "instance": null,
          "key": undefined,
          "nodeType": "function",
          "props": Object {
            "activeClassName": "active",
            "aria-current": "page",
            "children": <button
              id="27"
              name="animals"
              onClick={[MockFunction]}
            >
              Animals
            </button>,
            "className": "animals",
            "name": "animals",
            "to": "/animals",
          },
          "ref": null,
          "rendered": Object {
            "instance": null,
            "key": undefined,
            "nodeType": "host",
            "props": Object {
              "children": "Animals",
              "id": "27",
              "name": "animals",
              "onClick": [MockFunction],
            },
            "ref": null,
            "rendered": "Animals",
            "type": "button",
          },
          "type": [Function],
        },
        Object {
          "instance": null,
          "key": undefined,
          "nodeType": "function",
          "props": Object {
            "activeClassName": "active",
            "aria-current": "page",
            "children": <button
              id="17"
              name="animals"
              onClick={[MockFunction]}
            >
              Environment
            </button>,
            "className": "environment",
            "name": "environment",
            "to": "/environment",
          },
          "ref": null,
          "rendered": Object {
            "instance": null,
            "key": undefined,
            "nodeType": "host",
            "props": Object {
              "children": "Environment",
              "id": "17",
              "name": "animals",
              "onClick": [MockFunction],
            },
            "ref": null,
            "rendered": "Environment",
            "type": "button",
          },
          "type": [Function],
        },
      ],
      "type": "div",
    },
  ],
  Symbol(enzyme.__options__): Object {
    "adapter": ReactSixteenAdapter {
      "options": Object {
        "enableComponentDidUpdateOnSetState": true,
        "lifecycles": Object {
          "componentDidUpdate": Object {
            "onSetState": true,
          },
          "getDerivedStateFromProps": true,
          "getSnapshotBeforeUpdate": true,
          "setState": Object {
            "skipsComponentDidUpdateOnNullish": true,
          },
        },
      },
    },
  },
}
`;
